[themepixels.me/demo/bracket/app/index04b9.html]
[backblue.gif]
[fade.gif]
[index.html]
[themepixels.me/demo/bracket/app/index.html]
[themepixels.me/demo/bracket/app/mailbox.html]
[themepixels.me/demo/bracket/app/card-dashboard.html]
[themepixels.me/demo/bracket/app/accordion.html]
[themepixels.me/demo/bracket/app/alerts.html]
[themepixels.me/demo/bracket/app/buttons.html]
[themepixels.me/demo/bracket/app/cards.html]
[themepixels.me/demo/bracket/app/icons.html]
[themepixels.me/demo/bracket/app/modal.html]
[themepixels.me/demo/bracket/app/pagination.html]
[themepixels.me/demo/bracket/app/popups.html]
[themepixels.me/demo/bracket/app/progress.html]
[themepixels.me/demo/bracket/app/spinners.html]
[themepixels.me/demo/bracket/app/typography.html]
[themepixels.me/demo/bracket/app/navigation.html]
[themepixels.me/demo/bracket/app/navigation-layouts.html]
[themepixels.me/demo/bracket/app/chart-morris.html]
[themepixels.me/demo/bracket/app/chart-flot.html]
[themepixels.me/demo/bracket/app/chart-chartjs.html]
[themepixels.me/demo/bracket/app/chart-rickshaw.html]
[themepixels.me/demo/bracket/app/chart-chartist.html]
[themepixels.me/demo/bracket/app/chart-sparkline.html]
[themepixels.me/demo/bracket/app/chart-peity.html]
[themepixels.me/demo/bracket/app/form-elements.html]
[themepixels.me/demo/bracket/app/form-layouts.html]
[themepixels.me/demo/bracket/app/form-validation.html]
[themepixels.me/demo/bracket/app/form-wizards.html]
[themepixels.me/demo/bracket/app/form-editor-code.html]
[themepixels.me/demo/bracket/app/form-editor-text.html]
[themepixels.me/demo/bracket/app/table-basic.html]
[themepixels.me/demo/bracket/app/table-datatable.html]
[themepixels.me/demo/bracket/app/map-google.html]
[themepixels.me/demo/bracket/app/map-leaflet.html]
[themepixels.me/demo/bracket/app/map-vector.html]
[themepixels.me/demo/bracket/app/background.html]
[themepixels.me/demo/bracket/app/border.html]
[themepixels.me/demo/bracket/app/height.html]
[themepixels.me/demo/bracket/app/margin.html]
[themepixels.me/demo/bracket/app/padding.html]
[themepixels.me/demo/bracket/app/position.html]
[themepixels.me/demo/bracket/app/typography-util.html]
[themepixels.me/demo/bracket/app/width.html]
[themepixels.me/demo/bracket/app/pages.html]
[themepixels.me/demo/bracket/app/layouts.html]
[themepixels.me/demo/bracket/app/sitemap.html]
[themepixels.me/demo/bracket/app/index04b9.html]
[themepixels.me/demo/bracket/app/index.html]
[themepixels.me/demo/bracket/app/mailbox.html]
[themepixels.me/demo/bracket/app/card-dashboard.html]
[themepixels.me/demo/bracket/app/skin-select2.html]
[themepixels.me/demo/bracket/app/skin-rangeslider.html]
[themepixels.me/demo/bracket/app/skin-input-form.html]
[themepixels.me/demo/bracket/app/skin-file-browser.html]
[themepixels.me/demo/bracket/app/skin-datepicker.html]
[themepixels.me/demo/bracket/app/skin-sidebar.html]
[themepixels.me/demo/bracket/app/accordion.html]
[themepixels.me/demo/bracket/app/alerts.html]
[themepixels.me/demo/bracket/app/buttons.html]
[themepixels.me/demo/bracket/app/cards.html]
[themepixels.me/demo/bracket/app/icons.html]
[themepixels.me/demo/bracket/app/modal.html]
[themepixels.me/demo/bracket/app/pagination.html]
[themepixels.me/demo/bracket/app/popups.html]
[themepixels.me/demo/bracket/app/progress.html]
[themepixels.me/demo/bracket/app/spinners.html]
[themepixels.me/demo/bracket/app/typography.html]
[themepixels.me/demo/bracket/app/navigation.html]
[themepixels.me/demo/bracket/app/navigation-layouts.html]
[themepixels.me/demo/bracket/app/chart-morris.html]
[themepixels.me/demo/bracket/app/chart-flot.html]
[themepixels.me/demo/bracket/app/chart-chartjs.html]
[themepixels.me/demo/bracket/app/chart-rickshaw.html]
[themepixels.me/demo/bracket/app/chart-chartist.html]
[themepixels.me/demo/bracket/app/chart-sparkline.html]
[themepixels.me/demo/bracket/app/chart-peity.html]
[themepixels.me/demo/bracket/app/form-elements.html]
[themepixels.me/demo/bracket/app/form-layouts.html]
[themepixels.me/demo/bracket/app/form-validation.html]
[themepixels.me/demo/bracket/app/form-wizards.html]
[themepixels.me/demo/bracket/app/form-editor-code.html]
[themepixels.me/demo/bracket/app/form-editor-text.html]
[themepixels.me/demo/bracket/app/table-basic.html]
[themepixels.me/demo/bracket/app/table-datatable.html]
[themepixels.me/demo/bracket/app/map-google.html]
[themepixels.me/demo/bracket/app/map-leaflet.html]
[themepixels.me/demo/bracket/app/map-vector.html]
[themepixels.me/demo/bracket/app/background.html]
[themepixels.me/demo/bracket/app/border.html]
[themepixels.me/demo/bracket/app/height.html]
[themepixels.me/demo/bracket/app/margin.html]
[themepixels.me/demo/bracket/app/padding.html]
[themepixels.me/demo/bracket/app/position.html]
[themepixels.me/demo/bracket/app/typography-util.html]
[themepixels.me/demo/bracket/app/width.html]
[themepixels.me/demo/bracket/app/page-profile.html]
[themepixels.me/demo/bracket/app/page-assets.html]
[themepixels.me/demo/bracket/app/page-contacts.html]
[themepixels.me/demo/bracket/app/signin-simple.html]
[themepixels.me/demo/bracket/app/signup-simple.html]
[themepixels.me/demo/bracket/app/page-not-found.html]
[themepixels.me/demo/bracket/app/pages.html]
[themepixels.me/demo/bracket/app/blank.html]
[themepixels.me/demo/bracket/app/blank-2.html]
[themepixels.me/demo/bracket/app/layouts.html]
[themepixels.me/demo/bracket/app/sitemap.html]
[themepixels.me/demo/bracket/app/skin-select2.html]
[themepixels.me/demo/bracket/app/skin-rangeslider.html]
[themepixels.me/demo/bracket/app/skin-input-form.html]
[themepixels.me/demo/bracket/app/skin-file-browser.html]
[themepixels.me/demo/bracket/app/skin-datepicker.html]
[themepixels.me/demo/bracket/app/skin-sidebar.html]
[themepixels.me/demo/bracket/app/page-profile.html]
[themepixels.me/demo/bracket/app/page-assets.html]
[themepixels.me/demo/bracket/app/page-contacts.html]
[themepixels.me/demo/bracket/app/signin-simple.html]
[themepixels.me/demo/bracket/app/signup-simple.html]
[themepixels.me/demo/bracket/app/page-not-found.html]
[themepixels.me/demo/bracket/app/blank.html]
[themepixels.me/demo/bracket/app/blank-2.html]
